Archive member included to satisfy reference by file (symbol)

d:/asu eng/computer/egfwd/microchip stdio/7.0/toolchain/avr8/avr8-gnu-toolchain/bin/../lib/gcc/avr/5.4.0/avr5\libgcc.a(_exit.o)
                              D:/ASU ENG/computer/egfwd/microchip stdio/7.0/Packs/atmel/ATmega_DFP/1.7.374/gcc/dev/atmega32a/avr5/crtatmega32a.o (exit)
d:/asu eng/computer/egfwd/microchip stdio/7.0/toolchain/avr8/avr8-gnu-toolchain/bin/../lib/gcc/avr/5.4.0/avr5\libgcc.a(_clear_bss.o)
                              Application/App.o (__do_clear_bss)

Discarded input sections

 .data          0x00000000        0x0 D:/ASU ENG/computer/egfwd/microchip stdio/7.0/Packs/atmel/ATmega_DFP/1.7.374/gcc/dev/atmega32a/avr5/crtatmega32a.o
 .bss           0x00000000        0x0 D:/ASU ENG/computer/egfwd/microchip stdio/7.0/Packs/atmel/ATmega_DFP/1.7.374/gcc/dev/atmega32a/avr5/crtatmega32a.o
 .text          0x00000000        0x0 Application/App.o
 .data          0x00000000        0x0 Application/App.o
 .bss           0x00000000        0x0 Application/App.o
 .text          0x00000000        0x0 ECUAL/Button Driver/Button.o
 .data          0x00000000        0x0 ECUAL/Button Driver/Button.o
 .bss           0x00000000        0x0 ECUAL/Button Driver/Button.o
 .text.Button_Read
                0x00000000        0x6 ECUAL/Button Driver/Button.o
 .text          0x00000000        0x0 ECUAL/Interrupts/interrupts.o
 .data          0x00000000        0x0 ECUAL/Interrupts/interrupts.o
 .bss           0x00000000        0x0 ECUAL/Interrupts/interrupts.o
 .text          0x00000000        0x0 ECUAL/Led Driver/Led.o
 .data          0x00000000        0x0 ECUAL/Led Driver/Led.o
 .bss           0x00000000        0x0 ECUAL/Led Driver/Led.o
 .text.LED_State
                0x00000000        0x6 ECUAL/Led Driver/Led.o
 .text          0x00000000        0x0 ECUAL/Timer Driver/Timer.o
 .data          0x00000000        0x0 ECUAL/Timer Driver/Timer.o
 .bss           0x00000000        0x0 ECUAL/Timer Driver/Timer.o
 .text          0x00000000        0x0 main.o
 .data          0x00000000        0x0 main.o
 .bss           0x00000000        0x0 main.o
 .bss.Button_state
                0x00000000        0x1 main.o
 .text          0x00000000        0x0 MCAL/DIO Driver/Dio.o
 .data          0x00000000        0x0 MCAL/DIO Driver/Dio.o
 .bss           0x00000000        0x0 MCAL/DIO Driver/Dio.o
 .text          0x00000000        0x0 d:/asu eng/computer/egfwd/microchip stdio/7.0/toolchain/avr8/avr8-gnu-toolchain/bin/../lib/gcc/avr/5.4.0/avr5\libgcc.a(_exit.o)
 .data          0x00000000        0x0 d:/asu eng/computer/egfwd/microchip stdio/7.0/toolchain/avr8/avr8-gnu-toolchain/bin/../lib/gcc/avr/5.4.0/avr5\libgcc.a(_exit.o)
 .bss           0x00000000        0x0 d:/asu eng/computer/egfwd/microchip stdio/7.0/toolchain/avr8/avr8-gnu-toolchain/bin/../lib/gcc/avr/5.4.0/avr5\libgcc.a(_exit.o)
 .text.libgcc.mul
                0x00000000        0x0 d:/asu eng/computer/egfwd/microchip stdio/7.0/toolchain/avr8/avr8-gnu-toolchain/bin/../lib/gcc/avr/5.4.0/avr5\libgcc.a(_exit.o)
 .text.libgcc.div
                0x00000000        0x0 d:/asu eng/computer/egfwd/microchip stdio/7.0/toolchain/avr8/avr8-gnu-toolchain/bin/../lib/gcc/avr/5.4.0/avr5\libgcc.a(_exit.o)
 .text.libgcc   0x00000000        0x0 d:/asu eng/computer/egfwd/microchip stdio/7.0/toolchain/avr8/avr8-gnu-toolchain/bin/../lib/gcc/avr/5.4.0/avr5\libgcc.a(_exit.o)
 .text.libgcc.prologue
                0x00000000        0x0 d:/asu eng/computer/egfwd/microchip stdio/7.0/toolchain/avr8/avr8-gnu-toolchain/bin/../lib/gcc/avr/5.4.0/avr5\libgcc.a(_exit.o)
 .text.libgcc.builtins
                0x00000000        0x0 d:/asu eng/computer/egfwd/microchip stdio/7.0/toolchain/avr8/avr8-gnu-toolchain/bin/../lib/gcc/avr/5.4.0/avr5\libgcc.a(_exit.o)
 .text.libgcc.fmul
                0x00000000        0x0 d:/asu eng/computer/egfwd/microchip stdio/7.0/toolchain/avr8/avr8-gnu-toolchain/bin/../lib/gcc/avr/5.4.0/avr5\libgcc.a(_exit.o)
 .text.libgcc.fixed
                0x00000000        0x0 d:/asu eng/computer/egfwd/microchip stdio/7.0/toolchain/avr8/avr8-gnu-toolchain/bin/../lib/gcc/avr/5.4.0/avr5\libgcc.a(_exit.o)
 .text          0x00000000        0x0 d:/asu eng/computer/egfwd/microchip stdio/7.0/toolchain/avr8/avr8-gnu-toolchain/bin/../lib/gcc/avr/5.4.0/avr5\libgcc.a(_clear_bss.o)
 .data          0x00000000        0x0 d:/asu eng/computer/egfwd/microchip stdio/7.0/toolchain/avr8/avr8-gnu-toolchain/bin/../lib/gcc/avr/5.4.0/avr5\libgcc.a(_clear_bss.o)
 .bss           0x00000000        0x0 d:/asu eng/computer/egfwd/microchip stdio/7.0/toolchain/avr8/avr8-gnu-toolchain/bin/../lib/gcc/avr/5.4.0/avr5\libgcc.a(_clear_bss.o)
 .text.libgcc.mul
                0x00000000        0x0 d:/asu eng/computer/egfwd/microchip stdio/7.0/toolchain/avr8/avr8-gnu-toolchain/bin/../lib/gcc/avr/5.4.0/avr5\libgcc.a(_clear_bss.o)
 .text.libgcc.div
                0x00000000        0x0 d:/asu eng/computer/egfwd/microchip stdio/7.0/toolchain/avr8/avr8-gnu-toolchain/bin/../lib/gcc/avr/5.4.0/avr5\libgcc.a(_clear_bss.o)
 .text.libgcc   0x00000000        0x0 d:/asu eng/computer/egfwd/microchip stdio/7.0/toolchain/avr8/avr8-gnu-toolchain/bin/../lib/gcc/avr/5.4.0/avr5\libgcc.a(_clear_bss.o)
 .text.libgcc.prologue
                0x00000000        0x0 d:/asu eng/computer/egfwd/microchip stdio/7.0/toolchain/avr8/avr8-gnu-toolchain/bin/../lib/gcc/avr/5.4.0/avr5\libgcc.a(_clear_bss.o)
 .text.libgcc.builtins
                0x00000000        0x0 d:/asu eng/computer/egfwd/microchip stdio/7.0/toolchain/avr8/avr8-gnu-toolchain/bin/../lib/gcc/avr/5.4.0/avr5\libgcc.a(_clear_bss.o)
 .text.libgcc.fmul
                0x00000000        0x0 d:/asu eng/computer/egfwd/microchip stdio/7.0/toolchain/avr8/avr8-gnu-toolchain/bin/../lib/gcc/avr/5.4.0/avr5\libgcc.a(_clear_bss.o)
 .text.libgcc.fixed
                0x00000000        0x0 d:/asu eng/computer/egfwd/microchip stdio/7.0/toolchain/avr8/avr8-gnu-toolchain/bin/../lib/gcc/avr/5.4.0/avr5\libgcc.a(_clear_bss.o)

Memory Configuration

Name             Origin             Length             Attributes
text             0x00000000         0x00008000         xr
data             0x00800060         0x00000800         rw !x
eeprom           0x00810000         0x00000400         rw !x
fuse             0x00820000         0x00000002         rw !x
lock             0x00830000         0x00000400         rw !x
signature        0x00840000         0x00000400         rw !x
user_signatures  0x00850000         0x00000400         rw !x
*default*        0x00000000         0xffffffff

Linker script and memory map

LOAD D:/ASU ENG/computer/egfwd/microchip stdio/7.0/Packs/atmel/ATmega_DFP/1.7.374/gcc/dev/atmega32a/avr5/crtatmega32a.o
LOAD Application/App.o
LOAD ECUAL/Button Driver/Button.o
LOAD ECUAL/Interrupts/interrupts.o
LOAD ECUAL/Led Driver/Led.o
LOAD ECUAL/Timer Driver/Timer.o
LOAD main.o
LOAD MCAL/DIO Driver/Dio.o
START GROUP
LOAD d:/asu eng/computer/egfwd/microchip stdio/7.0/toolchain/avr8/avr8-gnu-toolchain/bin/../lib/gcc/avr/5.4.0/../../../../avr/lib/avr5\libm.a
END GROUP
START GROUP
LOAD d:/asu eng/computer/egfwd/microchip stdio/7.0/toolchain/avr8/avr8-gnu-toolchain/bin/../lib/gcc/avr/5.4.0/avr5\libgcc.a
LOAD d:/asu eng/computer/egfwd/microchip stdio/7.0/toolchain/avr8/avr8-gnu-toolchain/bin/../lib/gcc/avr/5.4.0/../../../../avr/lib/avr5\libm.a
LOAD d:/asu eng/computer/egfwd/microchip stdio/7.0/toolchain/avr8/avr8-gnu-toolchain/bin/../lib/gcc/avr/5.4.0/../../../../avr/lib/avr5\libc.a
LOAD D:/ASU ENG/computer/egfwd/microchip stdio/7.0/Packs/atmel/ATmega_DFP/1.7.374/gcc/dev/atmega32a/avr5\libatmega32a.a
END GROUP
                [0x00000000]                __TEXT_REGION_ORIGIN__ = DEFINED (__TEXT_REGION_ORIGIN__)?__TEXT_REGION_ORIGIN__:0x0
                [0x00800060]                __DATA_REGION_ORIGIN__ = DEFINED (__DATA_REGION_ORIGIN__)?__DATA_REGION_ORIGIN__:0x800060
                [0x00008000]                __TEXT_REGION_LENGTH__ = DEFINED (__TEXT_REGION_LENGTH__)?__TEXT_REGION_LENGTH__:0x20000
                [0x00000800]                __DATA_REGION_LENGTH__ = DEFINED (__DATA_REGION_LENGTH__)?__DATA_REGION_LENGTH__:0xffa0
                [0x00000400]                __EEPROM_REGION_LENGTH__ = DEFINED (__EEPROM_REGION_LENGTH__)?__EEPROM_REGION_LENGTH__:0x10000
                [0x00000002]                __FUSE_REGION_LENGTH__ = DEFINED (__FUSE_REGION_LENGTH__)?__FUSE_REGION_LENGTH__:0x400
                0x00000400                __LOCK_REGION_LENGTH__ = DEFINED (__LOCK_REGION_LENGTH__)?__LOCK_REGION_LENGTH__:0x400
                0x00000400                __SIGNATURE_REGION_LENGTH__ = DEFINED (__SIGNATURE_REGION_LENGTH__)?__SIGNATURE_REGION_LENGTH__:0x400
                0x00000400                __USER_SIGNATURE_REGION_LENGTH__ = DEFINED (__USER_SIGNATURE_REGION_LENGTH__)?__USER_SIGNATURE_REGION_LENGTH__:0x400

.hash
 *(.hash)

.dynsym
 *(.dynsym)

.dynstr
 *(.dynstr)

.gnu.version
 *(.gnu.version)

.gnu.version_d
 *(.gnu.version_d)

.gnu.version_r
 *(.gnu.version_r)

.rel.init
 *(.rel.init)

.rela.init
 *(.rela.init)

.rel.text
 *(.rel.text)
 *(.rel.text.*)
 *(.rel.gnu.linkonce.t*)

.rela.text
 *(.rela.text)
 *(.rela.text.*)
 *(.rela.gnu.linkonce.t*)

.rel.fini
 *(.rel.fini)

.rela.fini
 *(.rela.fini)

.rel.rodata
 *(.rel.rodata)
 *(.rel.rodata.*)
 *(.rel.gnu.linkonce.r*)

.rela.rodata
 *(.rela.rodata)
 *(.rela.rodata.*)
 *(.rela.gnu.linkonce.r*)

.rel.data
 *(.rel.data)
 *(.rel.data.*)
 *(.rel.gnu.linkonce.d*)

.rela.data
 *(.rela.data)
 *(.rela.data.*)
 *(.rela.gnu.linkonce.d*)

.rel.ctors
 *(.rel.ctors)

.rela.ctors
 *(.rela.ctors)

.rel.dtors
 *(.rel.dtors)

.rela.dtors
 *(.rela.dtors)

.rel.got
 *(.rel.got)

.rela.got
 *(.rela.got)

.rel.bss
 *(.rel.bss)

.rela.bss
 *(.rela.bss)

.rel.plt
 *(.rel.plt)

.rela.plt
 *(.rela.plt)

.text           0x00000000      0x79c
 *(.vectors)
 .vectors       0x00000000       0x54 D:/ASU ENG/computer/egfwd/microchip stdio/7.0/Packs/atmel/ATmega_DFP/1.7.374/gcc/dev/atmega32a/avr5/crtatmega32a.o
                0x00000000                __vector_default
                0x00000000                __vectors
 *(.vectors)
 *(.progmem.gcc*)
                0x00000054                . = ALIGN (0x2)
                0x00000054                __trampolines_start = .
 *(.trampolines)
 .trampolines   0x00000054        0x0 linker stubs
 *(.trampolines*)
                0x00000054                __trampolines_end = .
 *libprintf_flt.a:*(.progmem.data)
 *libc.a:*(.progmem.data)
 *(.progmem*)
                0x00000054                . = ALIGN (0x2)
 *(.jumptables)
 *(.jumptables*)
 *(.lowtext)
 *(.lowtext*)
                0x00000054                __ctors_start = .
 *(.ctors)
                0x00000054                __ctors_end = .
                0x00000054                __dtors_start = .
 *(.dtors)
                0x00000054                __dtors_end = .
 SORT(*)(.ctors)
 SORT(*)(.dtors)
 *(.init0)
 .init0         0x00000054        0x0 D:/ASU ENG/computer/egfwd/microchip stdio/7.0/Packs/atmel/ATmega_DFP/1.7.374/gcc/dev/atmega32a/avr5/crtatmega32a.o
                0x00000054                __init
 *(.init0)
 *(.init1)
 *(.init1)
 *(.init2)
 .init2         0x00000054        0xc D:/ASU ENG/computer/egfwd/microchip stdio/7.0/Packs/atmel/ATmega_DFP/1.7.374/gcc/dev/atmega32a/avr5/crtatmega32a.o
 *(.init2)
 *(.init3)
 *(.init3)
 *(.init4)
 .init4         0x00000060       0x10 d:/asu eng/computer/egfwd/microchip stdio/7.0/toolchain/avr8/avr8-gnu-toolchain/bin/../lib/gcc/avr/5.4.0/avr5\libgcc.a(_clear_bss.o)
                0x00000060                __do_clear_bss
 *(.init4)
 *(.init5)
 *(.init5)
 *(.init6)
 *(.init6)
 *(.init7)
 *(.init7)
 *(.init8)
 *(.init8)
 *(.init9)
 .init9         0x00000070        0x8 D:/ASU ENG/computer/egfwd/microchip stdio/7.0/Packs/atmel/ATmega_DFP/1.7.374/gcc/dev/atmega32a/avr5/crtatmega32a.o
 *(.init9)
 *(.text)
 .text          0x00000078        0x4 D:/ASU ENG/computer/egfwd/microchip stdio/7.0/Packs/atmel/ATmega_DFP/1.7.374/gcc/dev/atmega32a/avr5/crtatmega32a.o
                0x00000078                __vector_12
                0x00000078                __bad_interrupt
                0x00000078                __vector_6
                0x00000078                __vector_3
                0x00000078                __vector_11
                0x00000078                __vector_13
                0x00000078                __vector_17
                0x00000078                __vector_19
                0x00000078                __vector_7
                0x00000078                __vector_5
                0x00000078                __vector_4
                0x00000078                __vector_9
                0x00000078                __vector_2
                0x00000078                __vector_15
                0x00000078                __vector_8
                0x00000078                __vector_14
                0x00000078                __vector_10
                0x00000078                __vector_16
                0x00000078                __vector_18
                0x00000078                __vector_20
                0x0000007c                . = ALIGN (0x2)
 *(.text.*)
 .text.APP_init
                0x0000007c       0x3e Application/App.o
                0x0000007c                APP_init
 .text.APP_start
                0x000000ba      0x218 Application/App.o
                0x000000ba                APP_start
 .text.__vector_1
                0x000002d2       0x5c Application/App.o
                0x000002d2                __vector_1
 .text.Button_init
                0x0000032e        0x8 ECUAL/Button Driver/Button.o
                0x0000032e                Button_init
 .text.INT0_init
                0x00000336       0x10 ECUAL/Interrupts/interrupts.o
                0x00000336                INT0_init
 .text.LED_init
                0x00000346        0x8 ECUAL/Led Driver/Led.o
                0x00000346                LED_init
 .text.LED_ON   0x0000034e        0x8 ECUAL/Led Driver/Led.o
                0x0000034e                LED_ON
 .text.LED_OFF  0x00000356        0x8 ECUAL/Led Driver/Led.o
                0x00000356                LED_OFF
 .text.LED_toggle
                0x0000035e        0x6 ECUAL/Led Driver/Led.o
                0x0000035e                LED_toggle
 .text.ALL_LEDs_OFF
                0x00000364       0x32 ECUAL/Led Driver/Led.o
                0x00000364                ALL_LEDs_OFF
 .text.Delay_1s
                0x00000396       0x2a ECUAL/Timer Driver/Timer.o
                0x00000396                Delay_1s
 .text.Delay    0x000003c0       0x26 ECUAL/Timer Driver/Timer.o
                0x000003c0                Delay
 .text.main     0x000003e6        0xa main.o
                0x000003e6                main
 .text.DIO_init
                0x000003f0      0x124 MCAL/DIO Driver/Dio.o
                0x000003f0                DIO_init
 .text.DIO_write
                0x00000514      0x124 MCAL/DIO Driver/Dio.o
                0x00000514                DIO_write
 .text.DIO_Read
                0x00000638       0xde MCAL/DIO Driver/Dio.o
                0x00000638                DIO_Read
 .text.DIO_toggle
                0x00000716       0x82 MCAL/DIO Driver/Dio.o
                0x00000716                DIO_toggle
                0x00000798                . = ALIGN (0x2)
 *(.fini9)
 .fini9         0x00000798        0x0 d:/asu eng/computer/egfwd/microchip stdio/7.0/toolchain/avr8/avr8-gnu-toolchain/bin/../lib/gcc/avr/5.4.0/avr5\libgcc.a(_exit.o)
                0x00000798                _exit
                0x00000798                exit
 *(.fini9)
 *(.fini8)
 *(.fini8)
 *(.fini7)
 *(.fini7)
 *(.fini6)
 *(.fini6)
 *(.fini5)
 *(.fini5)
 *(.fini4)
 *(.fini4)
 *(.fini3)
 *(.fini3)
 *(.fini2)
 *(.fini2)
 *(.fini1)
 *(.fini1)
 *(.fini0)
 .fini0         0x00000798        0x4 d:/asu eng/computer/egfwd/microchip stdio/7.0/toolchain/avr8/avr8-gnu-toolchain/bin/../lib/gcc/avr/5.4.0/avr5\libgcc.a(_exit.o)
 *(.fini0)
                0x0000079c                _etext = .

.data           0x00800060        0x0 load address 0x0000079c
                [!provide]                PROVIDE (__data_start, .)
 *(.data)
 *(.data*)
 *(.gnu.linkonce.d*)
 *(.rodata)
 *(.rodata*)
 *(.gnu.linkonce.r*)
                0x00800060                . = ALIGN (0x2)
                0x00800060                _edata = .
                [!provide]                PROVIDE (__data_end, .)

.bss            0x00800060        0x5
                0x00800060                PROVIDE (__bss_start, .)
 *(.bss)
 *(.bss*)
 .bss.counter   0x00800060        0x2 Application/App.o
                0x00800060                counter
 .bss.state     0x00800062        0x2 Application/App.o
                0x00800062                state
 .bss.Red_Led   0x00800064        0x1 Application/App.o
                0x00800064                Red_Led
 *(COMMON)
                0x00800065                PROVIDE (__bss_end, .)
                0x0000079c                __data_load_start = LOADADDR (.data)
                0x0000079c                __data_load_end = (__data_load_start + SIZEOF (.data))

.noinit         0x00800065        0x0
                [!provide]                PROVIDE (__noinit_start, .)
 *(.noinit*)
                [!provide]                PROVIDE (__noinit_end, .)
                0x00800065                _end = .
                [!provide]                PROVIDE (__heap_start, .)

.eeprom         0x00810000        0x0
 *(.eeprom*)
                0x00810000                __eeprom_end = .

.fuse
 *(.fuse)
 *(.lfuse)
 *(.hfuse)
 *(.efuse)

.lock
 *(.lock*)

.signature
 *(.signature*)

.user_signatures
 *(.user_signatures*)

.stab
 *(.stab)

.stabstr
 *(.stabstr)

.stab.excl
 *(.stab.excl)

.stab.exclstr
 *(.stab.exclstr)

.stab.index
 *(.stab.index)

.stab.indexstr
 *(.stab.indexstr)

.comment        0x00000000       0x30
 *(.comment)
 .comment       0x00000000       0x30 Application/App.o
                                 0x31 (size before relaxing)
 .comment       0x00000030       0x31 ECUAL/Button Driver/Button.o
 .comment       0x00000030       0x31 ECUAL/Interrupts/interrupts.o
 .comment       0x00000030       0x31 ECUAL/Led Driver/Led.o
 .comment       0x00000030       0x31 ECUAL/Timer Driver/Timer.o
 .comment       0x00000030       0x31 main.o
 .comment       0x00000030       0x31 MCAL/DIO Driver/Dio.o

.note.gnu.avr.deviceinfo
                0x00000000       0x3c
 .note.gnu.avr.deviceinfo
                0x00000000       0x3c D:/ASU ENG/computer/egfwd/microchip stdio/7.0/Packs/atmel/ATmega_DFP/1.7.374/gcc/dev/atmega32a/avr5/crtatmega32a.o

.note.gnu.build-id
 *(.note.gnu.build-id)

.debug
 *(.debug)

.line
 *(.line)

.debug_srcinfo
 *(.debug_srcinfo)

.debug_sfnames
 *(.debug_sfnames)

.debug_aranges  0x00000000      0x140
 *(.debug_aranges)
 .debug_aranges
                0x00000000       0x30 Application/App.o
 .debug_aranges
                0x00000030       0x28 ECUAL/Button Driver/Button.o
 .debug_aranges
                0x00000058       0x20 ECUAL/Interrupts/interrupts.o
 .debug_aranges
                0x00000078       0x48 ECUAL/Led Driver/Led.o
 .debug_aranges
                0x000000c0       0x28 ECUAL/Timer Driver/Timer.o
 .debug_aranges
                0x000000e8       0x20 main.o
 .debug_aranges
                0x00000108       0x38 MCAL/DIO Driver/Dio.o

.debug_pubnames
 *(.debug_pubnames)

.debug_info     0x00000000     0x11ea
 *(.debug_info .gnu.linkonce.wi.*)
 .debug_info    0x00000000      0x4e6 D:/ASU ENG/computer/egfwd/microchip stdio/7.0/Packs/atmel/ATmega_DFP/1.7.374/gcc/dev/atmega32a/avr5/crtatmega32a.o
 .debug_info    0x000004e6      0x4a9 Application/App.o
 .debug_info    0x0000098f      0x14f ECUAL/Button Driver/Button.o
 .debug_info    0x00000ade       0x83 ECUAL/Interrupts/interrupts.o
 .debug_info    0x00000b61      0x313 ECUAL/Led Driver/Led.o
 .debug_info    0x00000e74       0xf1 ECUAL/Timer Driver/Timer.o
 .debug_info    0x00000f65       0xcb main.o
 .debug_info    0x00001030      0x1ba MCAL/DIO Driver/Dio.o

.debug_abbrev   0x00000000      0x8d3
 *(.debug_abbrev)
 .debug_abbrev  0x00000000      0x4a3 D:/ASU ENG/computer/egfwd/microchip stdio/7.0/Packs/atmel/ATmega_DFP/1.7.374/gcc/dev/atmega32a/avr5/crtatmega32a.o
 .debug_abbrev  0x000004a3       0xbf Application/App.o
 .debug_abbrev  0x00000562       0x94 ECUAL/Button Driver/Button.o
 .debug_abbrev  0x000005f6       0x51 ECUAL/Interrupts/interrupts.o
 .debug_abbrev  0x00000647       0xa1 ECUAL/Led Driver/Led.o
 .debug_abbrev  0x000006e8       0xac ECUAL/Timer Driver/Timer.o
 .debug_abbrev  0x00000794       0x86 main.o
 .debug_abbrev  0x0000081a       0xb9 MCAL/DIO Driver/Dio.o

.debug_line     0x00000000      0xd38
 *(.debug_line .debug_line.* .debug_line_end)
 .debug_line    0x00000000      0x116 D:/ASU ENG/computer/egfwd/microchip stdio/7.0/Packs/atmel/ATmega_DFP/1.7.374/gcc/dev/atmega32a/avr5/crtatmega32a.o
 .debug_line    0x00000116      0x3c9 Application/App.o
 .debug_line    0x000004df      0x107 ECUAL/Button Driver/Button.o
 .debug_line    0x000005e6       0xc8 ECUAL/Interrupts/interrupts.o
 .debug_line    0x000006ae      0x174 ECUAL/Led Driver/Led.o
 .debug_line    0x00000822      0x137 ECUAL/Timer Driver/Timer.o
 .debug_line    0x00000959       0xcb main.o
 .debug_line    0x00000a24      0x314 MCAL/DIO Driver/Dio.o

.debug_frame    0x00000000      0x218
 *(.debug_frame)
 .debug_frame   0x00000000       0x8c Application/App.o
 .debug_frame   0x0000008c       0x34 ECUAL/Button Driver/Button.o
 .debug_frame   0x000000c0       0x24 ECUAL/Interrupts/interrupts.o
 .debug_frame   0x000000e4       0x74 ECUAL/Led Driver/Led.o
 .debug_frame   0x00000158       0x48 ECUAL/Timer Driver/Timer.o
 .debug_frame   0x000001a0       0x24 main.o
 .debug_frame   0x000001c4       0x54 MCAL/DIO Driver/Dio.o

.debug_str      0x00000000      0x4e4
 *(.debug_str)
 .debug_str     0x00000000      0x196 D:/ASU ENG/computer/egfwd/microchip stdio/7.0/Packs/atmel/ATmega_DFP/1.7.374/gcc/dev/atmega32a/avr5/crtatmega32a.o
 .debug_str     0x00000196      0x1f7 Application/App.o
                                0x231 (size before relaxing)
 .debug_str     0x0000038d       0x4a ECUAL/Button Driver/Button.o
                                0x1ef (size before relaxing)
 .debug_str     0x000003d7       0x21 ECUAL/Interrupts/interrupts.o
                                0x1b5 (size before relaxing)
 .debug_str     0x000003f8       0x39 ECUAL/Led Driver/Led.o
                                0x220 (size before relaxing)
 .debug_str     0x00000431       0x32 ECUAL/Timer Driver/Timer.o
                                0x1cb (size before relaxing)
 .debug_str     0x00000463       0x1e main.o
                                0x1bb (size before relaxing)
 .debug_str     0x00000481       0x63 MCAL/DIO Driver/Dio.o
                                0x229 (size before relaxing)

.debug_loc      0x00000000      0x7b4
 *(.debug_loc)
 .debug_loc     0x00000000       0xcb Application/App.o
 .debug_loc     0x000000cb       0xaa ECUAL/Button Driver/Button.o
 .debug_loc     0x00000175      0x170 ECUAL/Led Driver/Led.o
 .debug_loc     0x000002e5       0xc7 ECUAL/Timer Driver/Timer.o
 .debug_loc     0x000003ac      0x408 MCAL/DIO Driver/Dio.o

.debug_macinfo
 *(.debug_macinfo)

.debug_weaknames
 *(.debug_weaknames)

.debug_funcnames
 *(.debug_funcnames)

.debug_typenames
 *(.debug_typenames)

.debug_varnames
 *(.debug_varnames)

.debug_pubtypes
 *(.debug_pubtypes)

.debug_ranges   0x00000000       0xd0
 *(.debug_ranges)
 .debug_ranges  0x00000000       0x20 Application/App.o
 .debug_ranges  0x00000020       0x18 ECUAL/Button Driver/Button.o
 .debug_ranges  0x00000038       0x10 ECUAL/Interrupts/interrupts.o
 .debug_ranges  0x00000048       0x38 ECUAL/Led Driver/Led.o
 .debug_ranges  0x00000080       0x18 ECUAL/Timer Driver/Timer.o
 .debug_ranges  0x00000098       0x10 main.o
 .debug_ranges  0x000000a8       0x28 MCAL/DIO Driver/Dio.o

.debug_macro
 *(.debug_macro)
OUTPUT(On-demand Traffic light.elf elf32-avr)
LOAD linker stubs
